// Jest Snapshot v1, https://goo.gl/fbAQLP

exports[`hello world component tests render test 1`] = `
<h1>
  Hello World! 
</h1>
`;
